-- WAMR version: 2.4.5
-- Build Configurations:
     Build as target X86_64
     Build for platform linux
     CMAKE_BUILD_TYPE RelWithDebInfo
     BUILD_SHARED_LIBS 
     WAMR Interpreter enabled
     Fast interpreter enabled
     WAMR AOT disabled
     WAMR Fast JIT disabled
     WAMR LLVM ORC JIT disabled
     Libc builtin disabled
     Libc WASI enabled
     Thread manager enabled
     Multiple modules disabled
     Wakeup of blocking operations enabled
     GC performance profiling disabled
     Module instance context enabled
     Write linear memory base addr to x86 GS register enabled
     Shrunk memory enabled
     Extended constant expression disabled
-- About Wasm Proposals:
     Always-on:
       "Multi-value"
       "Non-trapping float-to-int conversions"
       "Sign-extension operators"
       "WebAssembly C and C++ API"
     Configurable. 0 is OFF. 1 is ON:
       "Bulk Memory Operation" via WAMR_BUILD_BULK_MEMORY: 1
       "Extended Constant Expressions" via WAMR_BUILD_EXTENDED_CONST_EXPR: 0
       "Fixed-width SIMD" via WAMR_BUILD_SIMD: 0
       "Garbage collection" via WAMR_BUILD_GC: 0
       "Legacy Exception handling" via WAMR_BUILD_EXCE_HANDLING: 0
       "Memory64" via WAMR_BUILD_MEMORY64: 0
       "Multiple memories" via WAMR_BUILD_MULTI_MEMORY: 0
       "Reference Types" via WAMR_BUILD_REF_TYPES: 1
       "Reference-Typed Strings" via WAMR_BUILD_STRINGREF: 0
       "Tail call" via WAMR_BUILD_TAIL_CALL: 0
       "Threads" via WAMR_BUILD_SHARED_MEMORY: 0
       "Typed Function References" via WAMR_BUILD_GC: 0
     Unsupported (>= Phase4):
       "Branch Hinting"
       "Custom Annotation Syntax in the Text Format"
       "Exception handling"
       "Import/Export of Mutable Globals"
       "JS String Builtins"
       "Relaxed SIMD"

